// Jest Snapshot v1, https://goo.gl/fbAQLP

exports[`Example.vue Example.vue > toMatchSnapshot 1`] = `<h1>Hello World!</h1>`;
